<?xml version="1.0" encoding="UTF-8"?>
<testsuites name="jest tests" tests="4" failures="1" time="29.867">
  <testsuite name="undefined" errors="0" failures="1" skipped="3" timestamp="2022-04-19T07:43:14" time="15.82" tests="4">
    <testcase classname=" initial UI is rendered as expected" name=" initial UI is rendered as expected" time="0">
      <skipped/>
    </testcase>
    <testcase classname=" search is made on by clicking on search button and no results found" name=" search is made on by clicking on search button and no results found" time="1.103">
      <failure>TypeError: Cannot read property &apos;childNodes&apos; of null

&lt;html&gt;
  &lt;head /&gt;
  &lt;body&gt;
    &lt;div&gt;
      &lt;div&gt;
        &lt;h8k-navbar
          header=&quot;Movie List&quot;
        /&gt;
        &lt;div
          class=&quot;layout-column align-items-center mt-50&quot;
        &gt;
          &lt;section
            class=&quot;layout-row align-items-center justify-content-center&quot;
          &gt;
            &lt;input
              class=&quot;large&quot;
              data-testid=&quot;app-input&quot;
              placeholder=&quot;Enter Year eg 2015&quot;
              type=&quot;number&quot;
            /&gt;
            &lt;button
              class=&quot;&quot;
              data-testid=&quot;submit-button&quot;
            &gt;
              Search
            &lt;/button&gt;
          &lt;/section&gt;
          &lt;div
            class=&quot;mt-50 slide-up-fade-in&quot;
            data-=&quot;true&quot;
            testid=&quot;no-result&quot;
          &gt;
            No Results Found
          &lt;/div&gt;
        &lt;/div&gt;
      &lt;/div&gt;
    &lt;/div&gt;
  &lt;/body&gt;
&lt;/html&gt;
    at C:\Users\ZF787ZT\Desktop\test\b3459a54-5380-4c7a-8dd7-ac36d7289b51\src\App.test.js:36:20
    at runWithExpensiveErrorDiagnosticsDisabled (C:\Users\ZF787ZT\Desktop\test\b3459a54-5380-4c7a-8dd7-ac36d7289b51\node_modules\@testing-library\dom\dist\config.js:51:12)
    at checkCallback (C:\Users\ZF787ZT\Desktop\test\b3459a54-5380-4c7a-8dd7-ac36d7289b51\node_modules\@testing-library\dom\dist\wait-for.js:102:75)
    at Timeout.callback (C:\Users\ZF787ZT\Desktop\test\b3459a54-5380-4c7a-8dd7-ac36d7289b51\node_modules\jest-environment-jsdom-fourteen\node_modules\jsdom\lib\jsdom\browser\Window.js:671:19)
    at listOnTimeout (internal/timers.js:557:17)
    at processTimers (internal/timers.js:500:7)</failure>
    </testcase>
    <testcase classname=" search is made on by clicking on search button and result found - test 1" name=" search is made on by clicking on search button and result found - test 1" time="0">
      <skipped/>
    </testcase>
    <testcase classname=" search is made on by clicking on search button and result found - test 2" name=" search is made on by clicking on search button and result found - test 2" time="0">
      <skipped/>
    </testcase>
  </testsuite>
</testsuites>